--- Start Module: auto at Fri Feb 13 17:18:18 2026 
--- Start Module: gateway at Fri Feb 13 17:18:18 2026 
--- Stop Module:  gateway at Fri Feb 13 17:18:18 2026 /rc=0 ---
*** files:   xmldump
    saved to directory /home/dzemail/Desktop/Code_Projects/PHD_work/ML_EXP/python_implementation/Source/RUN1/job_2

--- Start Module: seward at Fri Feb 13 17:18:18 2026 
--- Stop Module:  seward at Fri Feb 13 17:18:19 2026 /rc=0 ---
*** files:   input.guessorb.molden input.GssOrb xmldump
    saved to directory /home/dzemail/Desktop/Code_Projects/PHD_work/ML_EXP/python_implementation/Source/RUN1/job_2

*** Making symbolic link for INPORB -> /tmp/input.257068/input.GssOrb
--- Start Module: rasscf at Fri Feb 13 17:18:19 2026 
--- Stop Module:  rasscf at Fri Feb 13 17:18:20 2026 /rc=0 ---
*** files:   input.RasOrb input.RasOrb input.SpdOrb input.rasscf.molden xmldump
    saved to directory /home/dzemail/Desktop/Code_Projects/PHD_work/ML_EXP/python_implementation/Source/RUN1/job_2

*** Making symbolic link for INPORB -> /tmp/input.257068/input.RasOrb
--- Start Module: caspt2 at Fri Feb 13 17:18:20 2026 
--- Stop Module:  caspt2 at Fri Feb 13 17:18:21 2026 /rc=0 ---
*** files:   xmldump
    saved to directory /home/dzemail/Desktop/Code_Projects/PHD_work/ML_EXP/python_implementation/Source/RUN1/job_2

    Timing: Wall=3 User=1.87 System=0.57 
--- Stop Module:  auto at Fri Feb 13 17:18:21 2026 /rc=0 ---
