   This copy of MOLCAS is licensed to  Dzemail Jasarevic
                                                                      
                               ***                                    
                               ***                                    
                   ***        *****                                   
                  *****       ** **                                   
                  ** **      **   **                                  
                  **  **     **   **                                  
                 **   *  ****  *  **                                  
                 **  *   ***   ** **                                  
                 *  ***   **  ***  **                                 
              ***   ***   *   ***    **                               
          *******  *****     *****   ******                           
       *********   ***************   *********                        
      **********   **           **   ***    ***                       
      **********       *******        *     ***                       
      **********    *************     *  *  ***                       
      **********   ***************    *  *  ***                       
      *********   *****************   *  *  ***    ****    **    **** 
      *********   *****************   *  *  ***   **  **  ****  **   *
      *********   *****************      *  ***   *      **  ** **    
      ********     ***************       *  ***   *      **  **  **** 
      ******        *************        *  ***   *      ******     **
      ***     ***      *******     *     *   **   **  ** **  ** *   **
            *********            ****   ***        ****  *    *  **** 
       ***************************************                        
          *********************************                           
              *************************                               
                 *******************        version 8.6               
                     ***********                                      
                         ***                                          
                                                                      
                     Copyright, all rights, reserved:                 
                   Permission is hereby granted to use                
          but not to reproduce or distribute any part of this         
       program. The use is restricted to research purposes only.      
                      Lund University, Sweden, 2023.                  
   This version of Molcas is based on a patched fork of OpenMolcas.   
                                                                      
            For the author list and the recommended citation,         
             consult http://www.molcas.org/citations.html             


   -------------------------------------------------------------------
  |                                                                   
  |   Project         = input
  |   Submitted from  = /home/dzemail/Desktop/Code_Projects/PHD_work/ML_EXP/python_implementation/Source/RUN1/job_4
  |   Scratch area    = /tmp/input.257330
  |   Save outputs to = /home/dzemail/Desktop/Code_Projects/PHD_work/ML_EXP/python_implementation/Source/RUN1/job_4
  |   Molcas          = /home/dzemail/molcas
  |   Parallel        = No
  |                                                                   
  |   Scratch area is empty
  |                                                                   
  |        MOLCAS_USE = /home/dzemail/molcas
  |       MOLCAS_ROOT = /home/dzemail/molcas
  |                                                                   
   -------------------------------------------------------------------
--- Start Module: auto at Fri Feb 13 17:18:22 2026 

++ ---------   Input file   ---------

  &gateway
    expert
    basis set
    Be.....  / inline
      4      2
      14 14
      22719.1133960000 3385.8073724000 763.3918016000 212.5874419200 67.4923618720 23.4656657080 8.7562584920 3.4819633640 1.4579525760 0.6110494600 0.2587167440 0.1045927040 0.0425967080 0.0149083960
      1.0000000000 0.0000000000 0.0000000000 0.0000000000 0.0000000000 0.0000000000 0.0000000000 0.0000000000 0.0000000000 0.0000000000 0.0000000000 0.0000000000 0.0000000000 0.0000000000
      0.0000000000 1.0000000000 0.0000000000 0.0000000000 0.0000000000 0.0000000000 0.0000000000 0.0000000000 0.0000000000 0.0000000000 0.0000000000 0.0000000000 0.0000000000 0.0000000000
      0.0000000000 0.0000000000 1.0000000000 0.0000000000 0.0000000000 0.0000000000 0.0000000000 0.0000000000 0.0000000000 0.0000000000 0.0000000000 0.0000000000 0.0000000000 0.0000000000
      0.0000000000 0.0000000000 0.0000000000 1.0000000000 0.0000000000 0.0000000000 0.0000000000 0.0000000000 0.0000000000 0.0000000000 0.0000000000 0.0000000000 0.0000000000 0.0000000000
      0.0000000000 0.0000000000 0.0000000000 0.0000000000 1.0000000000 0.0000000000 0.0000000000 0.0000000000 0.0000000000 0.0000000000 0.0000000000 0.0000000000 0.0000000000 0.0000000000
      0.0000000000 0.0000000000 0.0000000000 0.0000000000 0.0000000000 1.0000000000 0.0000000000 0.0000000000 0.0000000000 0.0000000000 0.0000000000 0.0000000000 0.0000000000 0.0000000000
      0.0000000000 0.0000000000 0.0000000000 0.0000000000 0.0000000000 0.0000000000 1.0000000000 0.0000000000 0.0000000000 0.0000000000 0.0000000000 0.0000000000 0.0000000000 0.0000000000
      0.0000000000 0.0000000000 0.0000000000 0.0000000000 0.0000000000 0.0000000000 0.0000000000 1.0000000000 0.0000000000 0.0000000000 0.0000000000 0.0000000000 0.0000000000 0.0000000000
      0.0000000000 0.0000000000 0.0000000000 0.0000000000 0.0000000000 0.0000000000 0.0000000000 0.0000000000 1.0000000000 0.0000000000 0.0000000000 0.0000000000 0.0000000000 0.0000000000
      0.0000000000 0.0000000000 0.0000000000 0.0000000000 0.0000000000 0.0000000000 0.0000000000 0.0000000000 0.0000000000 1.0000000000 0.0000000000 0.0000000000 0.0000000000 0.0000000000
      0.0000000000 0.0000000000 0.0000000000 0.0000000000 0.0000000000 0.0000000000 0.0000000000 0.0000000000 0.0000000000 0.0000000000 1.0000000000 0.0000000000 0.0000000000 0.0000000000
      0.0000000000 0.0000000000 0.0000000000 0.0000000000 0.0000000000 0.0000000000 0.0000000000 0.0000000000 0.0000000000 0.0000000000 0.0000000000 1.0000000000 0.0000000000 0.0000000000
      0.0000000000 0.0000000000 0.0000000000 0.0000000000 0.0000000000 0.0000000000 0.0000000000 0.0000000000 0.0000000000 0.0000000000 0.0000000000 0.0000000000 1.0000000000 0.0000000000
      0.0000000000 0.0000000000 0.0000000000 0.0000000000 0.0000000000 0.0000000000 0.0000000000 0.0000000000 0.0000000000 0.0000000000 0.0000000000 0.0000000000 0.0000000000 1.0000000000
      9 9
      33.7101840000 8.0576495000 2.8364714000 1.0999657000 0.4433964000 0.1822264000 0.0757241000 0.0316854000 0.0110899000
      1.0000000000 0.0000000000 0.0000000000 0.0000000000 0.0000000000 0.0000000000 0.0000000000 0.0000000000 0.0000000000
      0.0000000000 1.0000000000 0.0000000000 0.0000000000 0.0000000000 0.0000000000 0.0000000000 0.0000000000 0.0000000000
      0.0000000000 0.0000000000 1.0000000000 0.0000000000 0.0000000000 0.0000000000 0.0000000000 0.0000000000 0.0000000000
      0.0000000000 0.0000000000 0.0000000000 1.0000000000 0.0000000000 0.0000000000 0.0000000000 0.0000000000 0.0000000000
      0.0000000000 0.0000000000 0.0000000000 0.0000000000 1.0000000000 0.0000000000 0.0000000000 0.0000000000 0.0000000000
      0.0000000000 0.0000000000 0.0000000000 0.0000000000 0.0000000000 1.0000000000 0.0000000000 0.0000000000 0.0000000000
      0.0000000000 0.0000000000 0.0000000000 0.0000000000 0.0000000000 0.0000000000 1.0000000000 0.0000000000 0.0000000000
      0.0000000000 0.0000000000 0.0000000000 0.0000000000 0.0000000000 0.0000000000 0.0000000000 1.0000000000 0.0000000000
      0.0000000000 0.0000000000 0.0000000000 0.0000000000 0.0000000000 0.0000000000 0.0000000000 0.0000000000 1.0000000000
      4 4
      1.4000000000 0.4900000000 0.1715000000 0.0600250000
      1.0000000000 0.0000000000 0.0000000000 0.0000000000
      0.0000000000 1.0000000000 0.0000000000 0.0000000000
      0.0000000000 0.0000000000 1.0000000000 0.0000000000
      0.0000000000 0.0000000000 0.0000000000 1.0000000000
    Be 0 0 0  
    end of basis
  &seward
  &rasscf
    inactive
      0
    ras2
      9
    charge
      0
  &caspt2

-- ----------------------------------

--- Start Module: gateway at Fri Feb 13 17:18:22 2026 

()()()()()()()()()()()()()()()()()()()()()()()()()()()()()()()()()()()()()()()()()()()()()()()()()()

                                              &GATEWAY

                                   only a single process is used
                       available to each process: 2.0 GB of memory, 1 thread?
                                            pid: 257371
()()()()()()()()()()()()()()()()()()()()()()()()()()()()()()()()()()()()()()()()()()()()()()()()()()

 ###############################################################################
 ###############################################################################
 ###                                                                         ###
 ###                                                                         ###
 ###    WARNING:  EXPERT option is ON!                                       ###
 ###                                                                         ###
 ###                                                                         ###
 ###############################################################################
 ###############################################################################

++    Symmetry information:
      ---------------------

                    Character Table for C1 

                             E  
                    a        1  x, y, xy, Rz, z, xz, Ry, yz, Rx, I
--


++    Basis set information:
      ----------------------


      Basis set label: BE..............................................................................

      Electronic valence basis set:
      ------------------
      Associated Effective Charge   4.000000 au
      Associated Actual Charge      4.000000 au
      Nuclear Model: Point charge

      Shell  nPrim  nBasis  Cartesian Spherical Contaminant
         s      14      14        X                  
         p       9       9        X                  
         d       4       4                 X         
--


++    Molecular structure info:
      -------------------------

                    ************************************************ 
                    **** Cartesian Coordinates / Bohr, Angstrom **** 
                    ************************************************ 

     Center  Label                x              y              z                     x              y              z
        1      BE               0.000000       0.000000       0.000000              0.000000       0.000000       0.000000
--


            Nuclear Potential Energy              0.00000000 au

--- Stop Module:  gateway at Fri Feb 13 17:18:22 2026 /rc=0 ---
--- Start Module: seward at Fri Feb 13 17:18:22 2026 

()()()()()()()()()()()()()()()()()()()()()()()()()()()()()()()()()()()()()()()()()()()()()()()()()()

                                              &SEWARD

                                   only a single process is used
                       available to each process: 2.0 GB of memory, 1 thread?
                                            pid: 257410
()()()()()()()()()()()()()()()()()()()()()()()()()()()()()()()()()()()()()()()()()()()()()()()()()()

               SEWARD will generate:
                  Multipole Moment integrals up to order  2
                  Kinetic Energy integrals
                  Nuclear Attraction integrals (point charge)
                  One-Electron Hamiltonian integrals
                  Velocity integrals
                  Orbital angular momentum around ( 0.0000  0.0000  0.0000 )
                  Velocity quadrupole around ( 0.0000  0.0000  0.0000 )
                  Two-Electron Repulsion integrals

                   Integrals are discarded if absolute value <: 0.10E-13
                   Integral cutoff threshold is set to       <: 0.10E-15

            Nuclear Potential Energy              0.00000000 au


      Basis set specifications :
      Symmetry species         a  
      Basis functions           61


  Input file to MOLDEN was generated!

--- Stop Module:  seward at Fri Feb 13 17:18:23 2026 /rc=0 ---
*** 
--- Start Module: rasscf at Fri Feb 13 17:18:23 2026 

()()()()()()()()()()()()()()()()()()()()()()()()()()()()()()()()()()()()()()()()()()()()()()()()()()

                                              &RASSCF

                                   only a single process is used
                       available to each process: 2.0 GB of memory, 1 thread?
                                            pid: 257464
()()()()()()()()()()()()()()()()()()()()()()()()()()()()()()()()()()()()()()()()()()()()()()()()()()

 ###############################################################################
 ###############################################################################
 ###                                                                         ###
 ###                                                                         ###
 ###    WARNING: Had to guess the spin.                                      ###
 ###                                                                         ###
 ###                                                                         ###
 ###############################################################################
 ###############################################################################
  Warning: no input and no reliable source
  for the spin multiplicity.
  Guess ISPIN=                    1

      Header of the ONEINT file:
      --------------------------
      
      Integrals generated by seward 4.2.0  , Fri Feb 13 17:18:23 2026


      OrdInt status: non-squared


      Cartesian coordinates in Angstrom:
      -----------------------------------------------------
      No.  Label        X            Y            Z        
      -----------------------------------------------------
       1   BE         0.00000000   0.00000000   0.00000000
      -----------------------------------------------------
      Nuclear repulsion energy =    0.00000000

++    Wave function specifications:
      -----------------------------

      Number of closed shell electrons           0
      Number of electrons in active shells       4
      Max number of holes in RAS1 space          0
      Max nr of electrons in RAS3 space          0
      Number of inactive orbitals                0
      Number of active orbitals                  9
      Number of secondary orbitals              52
      Spin quantum number                      0.0
      State symmetry                             1
--

++    Orbital specifications:
      -----------------------

      Symmetry species                           1
                                                 a
      Frozen orbitals                            0
      Inactive orbitals                          0
      Active orbitals                            9
      RAS1 orbitals                              0
      RAS2 orbitals                              9
      RAS3 orbitals                              0
      Secondary orbitals                        52
      Deleted orbitals                           0
      Number of basis functions                 61
--

++    CI expansion specifications:
      ----------------------------

      Number of CSFs                           540
      Number of determinants                   666
      Number of root(s) required                 1
      Root chosen for geometry opt.              1
      CI root used                               1
         
      highest root included in the CI            1
      max. size of the explicit Hamiltonian    200
--

++    Optimization specifications:
      ----------------------------

      RASSCF algorithm: Conventional
      Maximum number of macro iterations       200
      Maximum number of SX iterations          100
      Threshold for RASSCF energy            0.100E-07
      Threshold for max MO rotation          0.100E+00
      Threshold for max BLB element          0.100E-03
      Level shift parameter                  0.500E+00
      Make Quasi-Newton update
--

      Orbitals from runfile: guessorb orbitals
      The MO-coefficients are taken from guessorb on runfile

      Total molecular charge    0.00

      ************************************************************************************************************************
      *                                                                                                                      *
      *                                            Wave function control section                                             *
      *                                                                                                                      *
      ************************************************************************************************************************


                                         RASSCF iterations: Energy and convergence statistics
                                         ----------------------------------------------------

      Iter CI   SX   CI       RASSCF       Energy    max ROT     max BLB   max BLB  Level Ln srch  Step   QN   Walltime
          iter iter root      energy       change     param      element    value   shift minimum  type update hh:mm:ss
 Nr of preliminary CI iterations:   1
 ###############################################################################
 ###############################################################################
 ###                                                                         ###
 ###                                                                         ###
 ###    WARNING: Problems in orbital optimization.                           ###
 ###                                                                         ###
 ###                                                                         ###
 ###############################################################################
 ###############################################################################
  Warning: In symmetry  1, orbital p=   1 has diagonal density matrix element D(p,p) close to two. (2 - D(p,p))=  0.684395D-08
 ###############################################################################
 ###############################################################################
 ###                                                                         ###
 ###                                                                         ###
 ###    WARNING: Large orbital rotation.                                     ###
 ###                                                                         ###
 ###                                                                         ###
 ###############################################################################
 ###############################################################################
      Molecular orbital   7 of symmetry 1 MO space 2  weight is    0.237822
 ###############################################################################
 ###############################################################################
 ###                                                                         ###
 ###                                                                         ###
 ###    WARNING: Large orbital rotation.                                     ###
 ###                                                                         ###
 ###                                                                         ###
 ###############################################################################
 ###############################################################################
      Molecular orbital   8 of symmetry 1 MO space 2  weight is    0.237822
 ###############################################################################
 ###############################################################################
 ###                                                                         ###
 ###                                                                         ###
 ###    WARNING: Large orbital rotation.                                     ###
 ###                                                                         ###
 ###                                                                         ###
 ###############################################################################
 ###############################################################################
      Molecular orbital   9 of symmetry 1 MO space 2  weight is    0.237822
 ###############################################################################
 ###############################################################################
 ###                                                                         ###
 ###                                                                         ###
 ###    WARNING: Large orbital rotation.                                     ###
 ###                                                                         ###
 ###                                                                         ###
 ###############################################################################
 ###############################################################################
      Molecular orbital  16 of symmetry 1 MO space 3  weight is    0.443058
 ###############################################################################
 ###############################################################################
 ###                                                                         ###
 ###                                                                         ###
 ###    WARNING: Large orbital rotation.                                     ###
 ###                                                                         ###
 ###                                                                         ###
 ###############################################################################
 ###############################################################################
      Molecular orbital  17 of symmetry 1 MO space 3  weight is    0.443058
 ###############################################################################
 ###############################################################################
 ###                                                                         ###
 ###                                                                         ###
 ###    WARNING: Large orbital rotation.                                     ###
 ###                                                                         ###
 ###                                                                         ###
 ###############################################################################
 ###############################################################################
      Molecular orbital  18 of symmetry 1 MO space 3  weight is    0.443058
        1   1   10    1   -14.57171920    0.00E+00   0.70E+00*   1  61 1  0.24E+01*  0.01   0.00    SX    NO    0:00:00
        2   3   17    1   -14.61248034   -0.41E-01*  0.44E+00*   2  61 1 -0.67E-01*  0.10   0.00    SX    NO    0:00:00
        3   3   12    1   -14.61815597   -0.57E-02*  0.19E+00*   2  61 1  0.10E-01*  0.11   0.00    SX    NO    0:00:00
        4   3   12    1   -14.61907439   -0.92E-03* -0.99E-01    2  59 1  0.16E-02*  0.11   0.00    SX    NO    0:00:00
        5   3   37    1   -14.61974867   -0.67E-03* -0.96E-01    2  61 1 -0.41E-02*  0.11   2.50    LS   YES    0:00:00
        6   4   38    1   -14.62067414   -0.93E-03* -0.94E-01    2  61 1 -0.90E-02*  0.11   2.50    LS   YES    0:00:00
        7   3   38    1   -14.62173047   -0.11E-02* -0.28E+00*   2  61 1 -0.14E-01*  0.11   2.50    QN   YES    0:00:00
        8   3   40    1   -14.62291879   -0.12E-02* -0.74E-01    2  61 1 -0.29E-01*  0.11   0.90    QN   YES    0:00:00
        9   3   42    1   -14.62176419    0.12E-02* -0.10E+00*   2  61 1 -0.21E-01*  0.11  -0.50    SX   YES    0:00:00
       10   4   41    1   -14.62530152   -0.35E-02* -0.31E+00*   2  61 1 -0.13E-01*  0.11   2.50    QN   YES    0:00:00
       11   3   41    1   -14.62738461   -0.21E-02* -0.91E-01    1  53 1 -0.18E-01*  0.11   0.89    QN   YES    0:00:00
       12   3   41    1   -14.62698347    0.40E-03*  0.87E-01    2  61 1  0.18E-01*  0.11  -0.50    SX   YES    0:00:00
       13   3   42    1   -14.62911112   -0.21E-02*  0.86E-01    1  53 1 -0.13E-01*  0.11   2.50    LS   YES    0:00:00
       14   3   43    1   -14.63054386   -0.14E-02*  0.77E-01    1  53 1 -0.83E-02*  0.11   2.27    LS   YES    0:00:00
       15   3   43    1   -14.63117593   -0.63E-03* -0.92E-01    1  45 1  0.85E-02*  0.11   1.59    QN   YES    0:00:00
       16   3   44    1   -14.63102945    0.15E-03*  0.65E-01    1  45 1  0.36E-02*  0.11  -0.50    LS   YES    0:00:00
       17   4   43    1   -14.63111206   -0.83E-04*  0.65E-01    1  45 1  0.70E-02*  0.11   2.50    LS   YES    0:00:00
       18   4   42    1   -14.63131717   -0.21E-03* -0.49E-01    1  45 1  0.10E-01*  0.11   2.50    QN   YES    0:00:00
       19   3   43    1   -14.63128847    0.29E-04*  0.77E-01    1  45 1  0.54E-02*  0.11  -0.50    SX   YES    0:00:00
       20   4   41    1   -14.63199208   -0.70E-03*  0.70E-01    1  45 1  0.33E-02*  0.11   2.50    LS   YES    0:00:00
       21   4   35    1   -14.63314920   -0.12E-02*  0.67E-01    1  49 1  0.18E-02*  0.11   2.50    LS   YES    0:00:00
       22   3   33    1   -14.63480837   -0.17E-02* -0.13E+00*   3  50 1 -0.21E-02*  0.11   2.50    QN   YES    0:00:00
       23   3   35    1   -14.63413952    0.67E-03*  0.11E+00*   1  45 1  0.22E-01*  0.11   0.28    SX   YES    0:00:00
       24   4   29    1   -14.63895495   -0.48E-02*  0.87E-01    1  45 1  0.17E-01*  0.11   2.50    LS   YES    0:00:00
       25   3   32    1   -14.64303275   -0.41E-02*  0.19E+00*   1  45 1  0.12E-01*  0.11   2.50    QN   YES    0:00:00
       26   3   31    1   -14.65026293   -0.72E-02*  0.85E-01    1  49 1  0.79E-02*  0.11   1.83    LS   YES    0:00:00
       27   3   29    1   -14.65211914   -0.19E-02*  0.66E-01    1  36 1  0.12E-01*  0.11   2.20    LS   YES    0:00:00
       28   3   27    1   -14.65283360   -0.71E-03* -0.17E+00*   1  36 1  0.17E-01*  0.12   1.61    QN   YES    0:00:00
       29   5   41    1   -14.64914361    0.37E-02*  0.91E-01    1  36 1  0.20E-01*  0.12  -0.50    LS   YES    0:00:00
       30   4   30    1   -14.65149087   -0.23E-02*  0.79E-01    1  36 1  0.18E-01*  0.12   2.50    LS   YES    0:00:00
       31   4   27    1   -14.65287449   -0.14E-02*  0.69E-01    1  36 1  0.17E-01*  0.12   2.09    QN   YES    0:00:00
       32   3   30    1   -14.65368177   -0.81E-03*  0.34E-01    1  53 1  0.97E-02*  0.11   1.59    LS   YES    0:00:00
       33   3   25    1   -14.65381200   -0.13E-03* -0.10E-01    1  53 1  0.70E-02*  0.11   1.23    QN   YES    0:00:00
       34   3   24    1   -14.65383419   -0.22E-04* -0.44E-02    1  53 1  0.26E-02*  0.11   1.30    QN   YES    0:00:00
       35   3   21    1   -14.65383688   -0.27E-05* -0.82E-03    2  53 1  0.31E-03*  0.11   1.18    QN   YES    0:00:00
       36   3   14    1   -14.65383705   -0.17E-06* -0.18E-03    2  53 1  0.20E-03*  0.11   1.18    QN   YES    0:00:00
       37   3    9    1   -14.65383707   -0.12E-07*  0.64E-04    2  53 1  0.11E-03*  0.11   1.27    QN   YES    0:00:00
       38   3   10    1   -14.65383707   -0.20E-08   0.29E-04    2  53 1  0.55E-04   0.11   1.49    QN   YES    0:00:00
      Convergence after 38 iterations
       39   2   10    1   -14.65383707   -0.66E-09   0.29E-04    2  53 1  0.15E-04   0.11   1.49    QN   YES    0:00:00

      ************************************************************************************************************************
                                                      Wave function printout:
                       occupation of active orbitals, and spin coupling of open shells (u,d: Spin up or down)
      ************************************************************************************************************************

      Note: transformation to natural orbitals
      has been made, which may change the order of the CSFs.

      printout of CI-coefficients larger than  0.05 for root  1
      energy=     -14.653837
      conf/sym  111111111     Coeff  Weight
             1  220000000  -0.94987 0.90225
           126  200000200   0.17900 0.03204
           130  200000020   0.17900 0.03204
           135  200000002   0.17900 0.03204

      Natural orbitals and occupation numbers for root  1
      sym 1:   1.996869   1.807329   0.000630   0.000630   0.000630   0.001251   0.064220   0.064220   0.064220

      ************************************************************************************************************************
      *                                                                                                                      *
      *                                                    Final results                                                     *
      *                                                                                                                      *
      ************************************************************************************************************************


++    Wave function specifications:
      -----------------------------

      Number of closed shell electrons           0
      Number of electrons in active shells       4
      Max number of holes in RAS1 space          0
      Max nr of electrons in RAS3 space          0
      Number of inactive orbitals                0
      Number of active orbitals                  9
      Number of secondary orbitals              52
      Spin quantum number                      0.0
      State symmetry                             1
--

++    Orbital specifications:
      -----------------------

      Symmetry species                           1
                                                 a
      Frozen orbitals                            0
      Inactive orbitals                          0
      Active orbitals                            9
      RAS1 orbitals                              0
      RAS2 orbitals                              9
      RAS3 orbitals                              0
      Secondary orbitals                        52
      Deleted orbitals                           0
      Number of basis functions                 61
--

++    CI expansion specifications:
      ----------------------------

      Number of CSFs                           540
      Number of determinants                   666
      Number of root(s) required                 1
      CI root used                               1
      highest root included in the CI            1
      Root passed to geometry opt.               1
--

++    Final optimization conditions:
      ------------------------------

      Average CI energy                             -14.65383707
      RASSCF energy for state  1                    -14.65383707
      Super-CI energy                                -0.00000000
      RASSCF energy change                            0.00000000
      Max change in MO coefficients              -0.108E-03
      Max non-diagonal density matrix element     0.290E-04
      Maximum BLB matrix element                  0.151E-04
      (orbital pair   2,  53 in symmetry   1)
      Norm of electronic gradient            0.257E-04
--


      Final state energy(ies):
      ------------------------

::    RASSCF root number  1 Total energy:    -14.65383707

++    Molecular orbitals:
      -------------------

      Pseudonatural active orbitals and approximate occupation numbers




      Molecular orbitals for symmetry species 1: a  


      Orbital                 1         2         3         4         5         6         7         8         9        10
      Energy             0.0000    0.0000    0.0000    0.0000    0.0000    0.0000    0.0000    0.0000    0.0000    0.0275
      Occ. No.           1.9969    1.8073    0.0006    0.0006    0.0006    0.0013    0.0642    0.0642    0.0642    0.0000

     1 BE     1s         0.0001   -0.0000    0.0000    0.0000    0.0000    0.0001    0.0000    0.0000    0.0000    0.0000
     2 BE     1s         0.0004   -0.0001    0.0000    0.0000    0.0000    0.0007   -0.0000   -0.0000   -0.0000    0.0000
     3 BE     1s         0.0022   -0.0004    0.0000    0.0000    0.0000    0.0035    0.0000    0.0000    0.0000    0.0000
     4 BE     1s         0.0095   -0.0017    0.0000   -0.0000   -0.0000    0.0170    0.0000   -0.0000   -0.0000    0.0000
     5 BE     1s         0.0347   -0.0062    0.0000    0.0000    0.0000    0.0682    0.0000    0.0000    0.0000    0.0000
     6 BE     1s         0.1058   -0.0196    0.0000   -0.0000   -0.0000    0.3405   -0.0000   -0.0000   -0.0000    0.0000
     7 BE     1s         0.2453   -0.0488    0.0000    0.0000    0.0000    0.7411    0.0000    0.0000    0.0000    0.0000
     8 BE     1s         0.3864   -0.0928   -0.0000   -0.0000   -0.0000   -0.1905   -0.0000   -0.0000   -0.0000   -0.0000
     9 BE     1s         0.3129   -0.1303    0.0000    0.0000    0.0000   -0.7936    0.0000    0.0000    0.0000    0.0000
    10 BE     1s         0.0659   -0.0619   -0.0000   -0.0000   -0.0000   -0.1823   -0.0000   -0.0000   -0.0000   -0.0000
    11 BE     1s        -0.0047    0.2885    0.0000    0.0000    0.0000    0.0793   -0.0000   -0.0000    0.0000    0.0000
    12 BE     1s        -0.0059    0.6242   -0.0000   -0.0000   -0.0000    0.1934   -0.0000   -0.0000   -0.0000   -0.0000
    13 BE     1s        -0.0029    0.2332   -0.0000    0.0000    0.0000    0.0705    0.0000    0.0000    0.0000    0.0000
    14 BE     1s         0.0001   -0.0019   -0.0000   -0.0000   -0.0000   -0.0002   -0.0000   -0.0000   -0.0000   -0.0000
    15 BE     2px        0.0000    0.0000   -0.0422    0.0004    0.0672   -0.0000   -0.0001   -0.0000    0.0011   -0.0000
    16 BE     2px       -0.0000    0.0000   -0.3096    0.0029    0.4935   -0.0000   -0.0008   -0.0003    0.0072   -0.0000
    17 BE     2px        0.0000   -0.0000   -0.2404    0.0022    0.3832   -0.0000   -0.0024   -0.0009    0.0206   -0.0009
    18 BE     2px        0.0000   -0.0000   -0.0088    0.0001    0.0140   -0.0000   -0.0058   -0.0021    0.0498    0.0010
    19 BE     2px       -0.0000   -0.0000    0.0227   -0.0002   -0.0361    0.0000   -0.0260   -0.0096    0.2225   -0.0037
    20 BE     2px        0.0000    0.0000    0.0563   -0.0005   -0.0897    0.0000   -0.0626   -0.0231    0.5356    0.0171
    21 BE     2px       -0.0000    0.0000    0.0272   -0.0003   -0.0433    0.0000   -0.0348   -0.0128    0.2975   -0.0275
    22 BE     2px       -0.0000    0.0000    0.0013   -0.0000   -0.0020    0.0000   -0.0007   -0.0003    0.0059    0.0943
    23 BE     2px        0.0000   -0.0000    0.0000   -0.0000   -0.0000   -0.0000   -0.0002   -0.0001    0.0021   -0.1916
    24 BE     2py        0.0000    0.0000    0.0010    0.0794    0.0002   -0.0000    0.0000    0.0011    0.0000    0.0000
    25 BE     2py       -0.0000    0.0000    0.0074    0.5826    0.0013   -0.0000    0.0000    0.0073    0.0003    0.0000
    26 BE     2py        0.0000   -0.0000    0.0058    0.4523    0.0010   -0.0000    0.0000    0.0207    0.0009    0.0000
    27 BE     2py        0.0000   -0.0000    0.0002    0.0165    0.0000   -0.0000    0.0001    0.0501    0.0022   -0.0000
    28 BE     2py       -0.0000   -0.0000   -0.0005   -0.0426   -0.0001   -0.0000    0.0005    0.2240    0.0097    0.0001
    29 BE     2py       -0.0000   -0.0000   -0.0013   -0.1058   -0.0002   -0.0000    0.0012    0.5393    0.0234   -0.0003
    30 BE     2py       -0.0000    0.0000   -0.0007   -0.0512   -0.0001   -0.0000    0.0007    0.2995    0.0130    0.0005
    31 BE     2py       -0.0000    0.0000   -0.0000   -0.0024   -0.0000    0.0000    0.0000    0.0059    0.0003   -0.0017
    32 BE     2py        0.0000   -0.0000   -0.0000   -0.0000   -0.0000   -0.0000    0.0000    0.0021    0.0001    0.0034
    33 BE     2pz        0.0000    0.0000    0.0672   -0.0009    0.0422   -0.0000    0.0011   -0.0000    0.0001    0.0001
    34 BE     2pz       -0.0000    0.0000    0.4935   -0.0069    0.3097   -0.0000    0.0072   -0.0001    0.0008    0.0003
    35 BE     2pz        0.0000   -0.0000    0.3831   -0.0054    0.2404   -0.0000    0.0206   -0.0002    0.0024    0.0061
    36 BE     2pz        0.0000   -0.0000    0.0140   -0.0002    0.0088   -0.0000    0.0498   -0.0004    0.0058   -0.0069
    37 BE     2pz       -0.0000   -0.0000   -0.0361    0.0005   -0.0227   -0.0000    0.2227   -0.0016    0.0260    0.0262
    38 BE     2pz       -0.0000   -0.0000   -0.0897    0.0013   -0.0563   -0.0000    0.5361   -0.0039    0.0625   -0.1196
    39 BE     2pz       -0.0000    0.0000   -0.0433    0.0006   -0.0272   -0.0000    0.2978   -0.0022    0.0347    0.1922
    40 BE     2pz       -0.0000    0.0000   -0.0020    0.0000   -0.0013    0.0000    0.0059   -0.0000    0.0007   -0.6601
    41 BE     2pz        0.0000   -0.0000   -0.0000    0.0000   -0.0000   -0.0000    0.0021   -0.0000    0.0002    1.3413
    42 BE     3d2-      -0.0000   -0.0000   -0.0000    0.0000    0.0000   -0.0000   -0.0000    0.0000    0.0000   -0.0000
    43 BE     3d2-       0.0000   -0.0000    0.0000   -0.0000   -0.0000    0.0000   -0.0000    0.0000    0.0000    0.0000
    44 BE     3d2-      -0.0000    0.0000   -0.0000   -0.0000    0.0000   -0.0000   -0.0000    0.0000    0.0000   -0.0000
    45 BE     3d2-       0.0000   -0.0000    0.0000    0.0000   -0.0000   -0.0000    0.0000    0.0000    0.0000    0.0000
    46 BE     3d1-       0.0000    0.0000    0.0000    0.0000    0.0000    0.0000    0.0000    0.0000    0.0000    0.0000
    47 BE     3d1-       0.0000    0.0000   -0.0000   -0.0000   -0.0000   -0.0000    0.0000    0.0000    0.0000   -0.0000
    48 BE     3d1-       0.0000   -0.0000    0.0000    0.0000    0.0000    0.0000    0.0000    0.0000    0.0000    0.0000
    49 BE     3d1-      -0.0000    0.0000   -0.0000    0.0000   -0.0000    0.0000    0.0000   -0.0000   -0.0000   -0.0000
    50 BE     3d0       -0.0000   -0.0000    0.0000   -0.0000    0.0000   -0.0000    0.0000   -0.0000   -0.0000    0.0000
    51 BE     3d0       -0.0000    0.0000   -0.0000    0.0000   -0.0000    0.0000    0.0000   -0.0000    0.0000   -0.0000
    52 BE     3d0        0.0000    0.0000    0.0000   -0.0000    0.0000    0.0000    0.0000   -0.0000    0.0000    0.0000
    53 BE     3d0       -0.0000    0.0000    0.0000    0.0000    0.0000    0.0000   -0.0000    0.0000   -0.0000   -0.0000
    54 BE     3d1+      -0.0000   -0.0000   -0.0000   -0.0000    0.0000   -0.0000    0.0000   -0.0000    0.0000   -0.0000
    55 BE     3d1+      -0.0000   -0.0000    0.0000    0.0000   -0.0000    0.0000   -0.0000   -0.0000    0.0000    0.0000
    56 BE     3d1+      -0.0000    0.0000   -0.0000   -0.0000    0.0000   -0.0000   -0.0000   -0.0000    0.0000   -0.0000
    57 BE     3d1+       0.0000   -0.0000   -0.0000    0.0000    0.0000   -0.0000    0.0000    0.0000   -0.0000    0.0000
    58 BE     3d2+      -0.0000    0.0000   -0.0000   -0.0000    0.0000   -0.0000   -0.0000   -0.0000    0.0000   -0.0000
    59 BE     3d2+       0.0000   -0.0000    0.0000    0.0000   -0.0000   -0.0000    0.0000   -0.0000    0.0000    0.0000
    60 BE     3d2+       0.0000    0.0000    0.0000   -0.0000   -0.0000   -0.0000   -0.0000   -0.0000    0.0000   -0.0000
    61 BE     3d2+       0.0000   -0.0000   -0.0000    0.0000    0.0000   -0.0000   -0.0000   -0.0000    0.0000    0.0000


      Orbital                11        12        13        14        15        16
      Energy             0.0275    0.0275    0.0387    0.1352    0.1352    0.1352
      Occ. No.           0.0000    0.0000    0.0000    0.0000    0.0000    0.0000

     1 BE     1s        -0.0000    0.0000    0.0000    0.0000    0.0000   -0.0000
     2 BE     1s        -0.0000    0.0000    0.0000   -0.0000    0.0000   -0.0000
     3 BE     1s        -0.0000    0.0000    0.0000    0.0000    0.0000   -0.0000
     4 BE     1s        -0.0000   -0.0000    0.0000   -0.0000    0.0000   -0.0000
     5 BE     1s        -0.0000    0.0000    0.0007    0.0000    0.0000   -0.0000
     6 BE     1s        -0.0000   -0.0000   -0.0001   -0.0000    0.0000   -0.0000
     7 BE     1s        -0.0000    0.0000    0.0105    0.0000    0.0000   -0.0000
     8 BE     1s         0.0000   -0.0000   -0.0078   -0.0000    0.0000   -0.0000
     9 BE     1s        -0.0000    0.0000    0.0345    0.0000   -0.0000    0.0000
    10 BE     1s         0.0000   -0.0000   -0.1776    0.0000    0.0000   -0.0000
    11 BE     1s        -0.0000    0.0000    0.2813   -0.0000   -0.0000    0.0000
    12 BE     1s         0.0000   -0.0000   -0.6501    0.0000    0.0000   -0.0000
    13 BE     1s        -0.0000    0.0000    1.8386   -0.0000   -0.0000    0.0000
    14 BE     1s         0.0000   -0.0000   -1.9365    0.0000    0.0000   -0.0000
    15 BE     2px        0.0000    0.0001    0.0000    0.0000   -0.0000    0.0000
    16 BE     2px        0.0000    0.0003    0.0000    0.0060   -0.0001    0.0004
    17 BE     2px        0.0001    0.0061   -0.0000    0.0007   -0.0000    0.0000
    18 BE     2px       -0.0001   -0.0069    0.0000    0.0585   -0.0010    0.0035
    19 BE     2px        0.0003    0.0262   -0.0000   -0.1682    0.0030   -0.0101
    20 BE     2px       -0.0013   -0.1196    0.0000    0.3376   -0.0061    0.0204
    21 BE     2px        0.0021    0.1922   -0.0000   -1.6027    0.0288   -0.0967
    22 BE     2px       -0.0073   -0.6601    0.0000    2.5613   -0.0460    0.1545
    23 BE     2px        0.0148    1.3413   -0.0000   -1.0119    0.0182   -0.0610
    24 BE     2py       -0.0001    0.0000   -0.0000    0.0000    0.0000   -0.0000
    25 BE     2py       -0.0003    0.0000   -0.0000    0.0001    0.0060   -0.0000
    26 BE     2py       -0.0062    0.0001   -0.0000    0.0000    0.0007   -0.0000
    27 BE     2py        0.0070   -0.0001    0.0000    0.0011    0.0586   -0.0001
    28 BE     2py       -0.0265    0.0003   -0.0000   -0.0030   -0.1685    0.0002
    29 BE     2py        0.1208   -0.0014    0.0000    0.0061    0.3382   -0.0003
    30 BE     2py       -0.1942    0.0022   -0.0000   -0.0289   -1.6056    0.0015
    31 BE     2py        0.6668   -0.0076    0.0000    0.0462    2.5660   -0.0024
    32 BE     2py       -1.3549    0.0154   -0.0000   -0.0183   -1.0138    0.0010
    33 BE     2pz        0.0000    0.0000   -0.0000    0.0000   -0.0000   -0.0000
    34 BE     2pz        0.0000    0.0000   -0.0000    0.0004   -0.0000   -0.0060
    35 BE     2pz        0.0000    0.0009   -0.0000    0.0000   -0.0000   -0.0007
    36 BE     2pz       -0.0000   -0.0010   -0.0000    0.0035   -0.0001   -0.0585
    37 BE     2pz        0.0001    0.0037   -0.0000   -0.0101    0.0003    0.1682
    38 BE     2pz       -0.0005   -0.0171    0.0000    0.0204   -0.0007   -0.3377
    39 BE     2pz        0.0008    0.0274   -0.0000   -0.0966    0.0033    1.6030
    40 BE     2pz       -0.0027   -0.0943    0.0000    0.1544   -0.0052   -2.5617
    41 BE     2pz        0.0055    0.1915   -0.0000   -0.0610    0.0021    1.0121
    42 BE     3d2-      -0.0000    0.0000   -0.0000    0.0000    0.0000    0.0000
    43 BE     3d2-       0.0000   -0.0000   -0.0000   -0.0000   -0.0000   -0.0000
    44 BE     3d2-      -0.0000    0.0000    0.0000    0.0000    0.0000    0.0000
    45 BE     3d2-       0.0000   -0.0000   -0.0000   -0.0000   -0.0000   -0.0000
    46 BE     3d1-      -0.0000    0.0000    0.0000    0.0000    0.0000   -0.0000
    47 BE     3d1-       0.0000   -0.0000    0.0000   -0.0000   -0.0000    0.0000
    48 BE     3d1-      -0.0000    0.0000   -0.0000    0.0000    0.0000   -0.0000
    49 BE     3d1-       0.0000   -0.0000    0.0000   -0.0000   -0.0000    0.0000
    50 BE     3d0        0.0000    0.0000   -0.0000    0.0000   -0.0000   -0.0000
    51 BE     3d0       -0.0000   -0.0000    0.0000   -0.0000    0.0000    0.0000
    52 BE     3d0        0.0000    0.0000   -0.0000    0.0000   -0.0000   -0.0000
    53 BE     3d0       -0.0000   -0.0000    0.0000    0.0000    0.0000    0.0000
    54 BE     3d1+       0.0000    0.0000   -0.0000    0.0000   -0.0000   -0.0000
    55 BE     3d1+      -0.0000   -0.0000   -0.0000   -0.0000    0.0000    0.0000
    56 BE     3d1+       0.0000    0.0000    0.0000    0.0000   -0.0000   -0.0000
    57 BE     3d1+      -0.0000   -0.0000   -0.0000   -0.0000    0.0000    0.0000
    58 BE     3d2+       0.0000    0.0000    0.0000    0.0000   -0.0000    0.0000
    59 BE     3d2+      -0.0000   -0.0000   -0.0000   -0.0000    0.0000   -0.0000
    60 BE     3d2+       0.0000    0.0000    0.0000    0.0000   -0.0000    0.0000
    61 BE     3d2+      -0.0000   -0.0000   -0.0000   -0.0000    0.0000   -0.0000
--

      Von Neumann Entropy (Root  1) =  0.62985


      Mulliken population analysis for root number:  1
      -----------------------------------------------


++    Molecular charges:
      ------------------

      Mulliken charges per centre and basis function type
      ---------------------------------------------------

                BE    
      1s       3.8054
      2px      0.0649
      2pz      0.0649
      2py      0.0649
      3d2+     0.0000
      3d1+     0.0000
      3d0      0.0000
      3d1-     0.0000
      3d2-     0.0000
      Total    4.0000

      N-E     -0.0000

      Total electronic charge=    4.000000

      Total            charge=   -0.000000
--



      Expectation values of various properties for root number:  1
      -----------------------------------------------------------


++    Molecular properties:
      ---------------------

      Charge (e):
                      =   -0.0000
      Dipole Moment (Debye):
      Origin of the operator (Ang)=    0.0000    0.0000    0.0000
                   X= -1.5015E-08               Y= -2.1726E-08               Z= -2.1464E-07           Total=  2.1626E-07
      Quadrupole Moment (Debye*Ang):
      Origin of the operator (Ang)=    0.0000    0.0000    0.0000
                  XX= -7.2656E+00              XY=  2.6612E-10              XZ=  1.9304E-08              YY= -7.2656E+00
                  YZ= -3.2666E-10              ZZ= -7.2656E+00
      In traceless form (Debye*Ang)
                  XX=  6.6405E-08              XY=  3.9918E-10              XZ=  2.8956E-08              YY=  6.2935E-08
                  YZ= -4.8999E-10              ZZ= -1.2934E-07
--


  Input file to MOLDEN was generated!

      Average orbitals are written to the RASORB file
      Natural orbitals for root   1 are written to the RASORB.1 file
      Spin density orbitals for root   1 are written to the SPDORB.1 file

--- Stop Module:  rasscf at Fri Feb 13 17:18:24 2026 /rc=0 ---
*** 
--- Start Module: caspt2 at Fri Feb 13 17:18:24 2026 

()()()()()()()()()()()()()()()()()()()()()()()()()()()()()()()()()()()()()()()()()()()()()()()()()()

                                              &CASPT2

                                   only a single process is used
                       available to each process: 2.0 GB of memory, 1 thread?
                                            pid: 257538
()()()()()()()()()()()()()()()()()()()()()()()()()()()()()()()()()()()()()()()()()()()()()()()()()()


++    Wave function specifications:
      -----------------------------

      Number of closed shell electrons           0
      Number of electrons in active shells       4
      Max number of holes in RAS1 space          0
      Max number of electrons in RAS3 space      0
      Number of inactive orbitals                0
      Number of active orbitals                  9
      Number of secondary orbitals              52
      Spin quantum number                      0.0
      State symmetry                             1
      Number of CSFs                           540
      Number of root(s) available                1
      Root passed to geometry opt.               1
      A file JOBMIX will be created
      This is a CASSCF or RASSCF reference function
--

++    Orbital specifications:
      -----------------------

      Symmetry species                           1
                                                 a
      Frozen orbitals                            0
      Inactive orbitals                          0
      Active orbitals                            9
      Secondary orbitals                        52
      Deleted orbitals                           0
      Number of basis functions                 61
--

++    CASPT2 specifications:
      ----------------------

      Type of calculation                        SS-CASPT2
      Fock operator                              state-specific
      IPEA shift                                 0.25
      Real shift                                 0.00
      Imaginary shift                            0.00
      The input orbitals will be transformed to quasi-canonical
--

--------------------------------------------------------------------------------
 Estimated memory requirements:
  POLY3 :                   327770
  RHS:                      599343
  SIGMA :                   498040
  PRPCTL:                        0
 Available workspace:    207345210

++ CASPT2 computation for group   1

********************************************************************************
 Multi-State initialization phase begins for group   1
--------------------------------------------------------------------------------
********************************************************************************
 Compute H0 matrices for state    1
--------------------------------------------------------------------------------
--------------------------------------------------------------------------------
 H0 matrices have been computed.

********************************************************************************
  CASPT2 EQUATION SOLUTION
--------------------------------------------------------------------------------

  Total nr of CASPT2 parameters:
   Before reduction:      147654
   After  reduction:      121004

 The contributions to the second order correlation energy in atomic units.
-----------------------------------------------------------------------------------------------------------------------------
  IT.      VJTU        VJTI        ATVX        AIVX        VJAI        BVAT        BJAT        BJAI        TOTAL       RNORM  
-----------------------------------------------------------------------------------------------------------------------------
   1     0.000000    0.000000   -0.001742    0.000000    0.000000   -0.004471    0.000000    0.000000   -0.006213    0.057162
   2     0.000000    0.000000   -0.002031    0.000000    0.000000   -0.004896    0.000000    0.000000   -0.006927    0.026231
   3     0.000000    0.000000   -0.002072    0.000000    0.000000   -0.004935    0.000000    0.000000   -0.007007    0.019272
   4     0.000000    0.000000   -0.002039    0.000000    0.000000   -0.004877    0.000000    0.000000   -0.006916    0.006777
   5     0.000000    0.000000   -0.002037    0.000000    0.000000   -0.004875    0.000000    0.000000   -0.006913    0.002979
   6     0.000000    0.000000   -0.002033    0.000000    0.000000   -0.004891    0.000000    0.000000   -0.006924    0.001287
   7     0.000000    0.000000   -0.002033    0.000000    0.000000   -0.004892    0.000000    0.000000   -0.006925    0.000807
   8     0.000000    0.000000   -0.002034    0.000000    0.000000   -0.004889    0.000000    0.000000   -0.006923    0.000353
   9     0.000000    0.000000   -0.002034    0.000000    0.000000   -0.004889    0.000000    0.000000   -0.006923    0.000136
  10     0.000000    0.000000   -0.002034    0.000000    0.000000   -0.004889    0.000000    0.000000   -0.006923    0.000054
  11     0.000000    0.000000   -0.002034    0.000000    0.000000   -0.004889    0.000000    0.000000   -0.006923    0.000027
  12     0.000000    0.000000   -0.002034    0.000000    0.000000   -0.004889    0.000000    0.000000   -0.006923    0.000014
  13     0.000000    0.000000   -0.002034    0.000000    0.000000   -0.004889    0.000000    0.000000   -0.006923    0.000008
  14     0.000000    0.000000   -0.002034    0.000000    0.000000   -0.004889    0.000000    0.000000   -0.006923    0.000003
  15     0.000000    0.000000   -0.002034    0.000000    0.000000   -0.004889    0.000000    0.000000   -0.006923    0.000002
-----------------------------------------------------------------------------------------------------------------------------

  FINAL CASPT2 RESULT:

      Reference energy:         -14.6538370688
      E2 (Non-variational):      -0.0069229092
      E2 (Variational):          -0.0069229091
      Total energy:             -14.6607599780
      Residual norm:              0.0000003668
      Reference weight:           0.99888

      Contributions to the CASPT2 correlation energy
      Active & Virtual Only:         -0.0069229092
      One Inactive Excited:           0.0000000000
      Two Inactive Excited:           0.0000000000


++ Denominators, etc.
--------------------------------------------------------------------------------------------------------------
 Report on small energy denominators, large coefficients, and large energy contributions.
CASE  SYMM ACTIVE-MIX  NON-ACTIVE INDICES          DENOMINATOR     RHS VALUE       COEFFICIENT     CONTRIBUTION
ATVX     1  Mu1.0001  Se1.010                       0.21750251     -0.00000000      0.00000000     -0.00000000
ATVX     1  Mu1.0001  Se1.011                       0.21750251      0.00000000     -0.00000000     -0.00000000
ATVX     1  Mu1.0001  Se1.012                       0.21750251     -0.00000000      0.00000000     -0.00000000
ATVX     1  Mu1.0001  Se1.013                       0.22877011     -0.00001062      0.00071476     -0.00000001
--

   (Skipping property calculation,
    use PROP keyword to activate)
--


  Total CASPT2 energies:
::    CASPT2 Root  1     Total energy:    -14.66075998


  A NEW JOBIPH FILE NAMED 'JOBMIX' IS PREPARED.
********************************************************************************
--- Stop Module:  caspt2 at Fri Feb 13 17:18:25 2026 /rc=0 ---
--- Stop Module:  auto at Fri Feb 13 17:18:25 2026 /rc=0 ---
