   This copy of MOLCAS is licensed to  Dzemail Jasarevic
                                                                      
                               ***                                    
                               ***                                    
                   ***        *****                                   
                  *****       ** **                                   
                  ** **      **   **                                  
                  **  **     **   **                                  
                 **   *  ****  *  **                                  
                 **  *   ***   ** **                                  
                 *  ***   **  ***  **                                 
              ***   ***   *   ***    **                               
          *******  *****     *****   ******                           
       *********   ***************   *********                        
      **********   **           **   ***    ***                       
      **********       *******        *     ***                       
      **********    *************     *  *  ***                       
      **********   ***************    *  *  ***                       
      *********   *****************   *  *  ***    ****    **    **** 
      *********   *****************   *  *  ***   **  **  ****  **   *
      *********   *****************      *  ***   *      **  ** **    
      ********     ***************       *  ***   *      **  **  **** 
      ******        *************        *  ***   *      ******     **
      ***     ***      *******     *     *   **   **  ** **  ** *   **
            *********            ****   ***        ****  *    *  **** 
       ***************************************                        
          *********************************                           
              *************************                               
                 *******************        version 8.6               
                     ***********                                      
                         ***                                          
                                                                      
                     Copyright, all rights, reserved:                 
                   Permission is hereby granted to use                
          but not to reproduce or distribute any part of this         
       program. The use is restricted to research purposes only.      
                      Lund University, Sweden, 2023.                  
   This version of Molcas is based on a patched fork of OpenMolcas.   
                                                                      
            For the author list and the recommended citation,         
             consult http://www.molcas.org/citations.html             


   -------------------------------------------------------------------
  |                                                                   
  |   Project         = input
  |   Submitted from  = /home/dzemail/Desktop/Code_Projects/PHD_work/ML_EXP/python_implementation/Source/RUN1/job_9
  |   Scratch area    = /tmp/input.257821
  |   Save outputs to = /home/dzemail/Desktop/Code_Projects/PHD_work/ML_EXP/python_implementation/Source/RUN1/job_9
  |   Molcas          = /home/dzemail/molcas
  |   Parallel        = No
  |                                                                   
  |   Scratch area is empty
  |                                                                   
  |        MOLCAS_USE = /home/dzemail/molcas
  |       MOLCAS_ROOT = /home/dzemail/molcas
  |                                                                   
   -------------------------------------------------------------------
--- Start Module: auto at Fri Feb 13 17:18:30 2026 

++ ---------   Input file   ---------

  &gateway
    expert
    basis set
    Be.....  / inline
      4      2
      14 14
      22832.2563910000 3402.6689629000 767.1935536000 213.6461443200 67.8284792120 23.5825265930 8.7998653570 3.4993038190 1.4652132960 0.6140925350 0.2600051740 0.1051135840 0.0428088430 0.0149826410
      1.0000000000 0.0000000000 0.0000000000 0.0000000000 0.0000000000 0.0000000000 0.0000000000 0.0000000000 0.0000000000 0.0000000000 0.0000000000 0.0000000000 0.0000000000 0.0000000000
      0.0000000000 1.0000000000 0.0000000000 0.0000000000 0.0000000000 0.0000000000 0.0000000000 0.0000000000 0.0000000000 0.0000000000 0.0000000000 0.0000000000 0.0000000000 0.0000000000
      0.0000000000 0.0000000000 1.0000000000 0.0000000000 0.0000000000 0.0000000000 0.0000000000 0.0000000000 0.0000000000 0.0000000000 0.0000000000 0.0000000000 0.0000000000 0.0000000000
      0.0000000000 0.0000000000 0.0000000000 1.0000000000 0.0000000000 0.0000000000 0.0000000000 0.0000000000 0.0000000000 0.0000000000 0.0000000000 0.0000000000 0.0000000000 0.0000000000
      0.0000000000 0.0000000000 0.0000000000 0.0000000000 1.0000000000 0.0000000000 0.0000000000 0.0000000000 0.0000000000 0.0000000000 0.0000000000 0.0000000000 0.0000000000 0.0000000000
      0.0000000000 0.0000000000 0.0000000000 0.0000000000 0.0000000000 1.0000000000 0.0000000000 0.0000000000 0.0000000000 0.0000000000 0.0000000000 0.0000000000 0.0000000000 0.0000000000
      0.0000000000 0.0000000000 0.0000000000 0.0000000000 0.0000000000 0.0000000000 1.0000000000 0.0000000000 0.0000000000 0.0000000000 0.0000000000 0.0000000000 0.0000000000 0.0000000000
      0.0000000000 0.0000000000 0.0000000000 0.0000000000 0.0000000000 0.0000000000 0.0000000000 1.0000000000 0.0000000000 0.0000000000 0.0000000000 0.0000000000 0.0000000000 0.0000000000
      0.0000000000 0.0000000000 0.0000000000 0.0000000000 0.0000000000 0.0000000000 0.0000000000 0.0000000000 1.0000000000 0.0000000000 0.0000000000 0.0000000000 0.0000000000 0.0000000000
      0.0000000000 0.0000000000 0.0000000000 0.0000000000 0.0000000000 0.0000000000 0.0000000000 0.0000000000 0.0000000000 1.0000000000 0.0000000000 0.0000000000 0.0000000000 0.0000000000
      0.0000000000 0.0000000000 0.0000000000 0.0000000000 0.0000000000 0.0000000000 0.0000000000 0.0000000000 0.0000000000 0.0000000000 1.0000000000 0.0000000000 0.0000000000 0.0000000000
      0.0000000000 0.0000000000 0.0000000000 0.0000000000 0.0000000000 0.0000000000 0.0000000000 0.0000000000 0.0000000000 0.0000000000 0.0000000000 1.0000000000 0.0000000000 0.0000000000
      0.0000000000 0.0000000000 0.0000000000 0.0000000000 0.0000000000 0.0000000000 0.0000000000 0.0000000000 0.0000000000 0.0000000000 0.0000000000 0.0000000000 1.0000000000 0.0000000000
      0.0000000000 0.0000000000 0.0000000000 0.0000000000 0.0000000000 0.0000000000 0.0000000000 0.0000000000 0.0000000000 0.0000000000 0.0000000000 0.0000000000 0.0000000000 1.0000000000
      9 9
      33.7101840000 8.0576495000 2.8364714000 1.0999657000 0.4433964000 0.1822264000 0.0757241000 0.0316854000 0.0110899000
      1.0000000000 0.0000000000 0.0000000000 0.0000000000 0.0000000000 0.0000000000 0.0000000000 0.0000000000 0.0000000000
      0.0000000000 1.0000000000 0.0000000000 0.0000000000 0.0000000000 0.0000000000 0.0000000000 0.0000000000 0.0000000000
      0.0000000000 0.0000000000 1.0000000000 0.0000000000 0.0000000000 0.0000000000 0.0000000000 0.0000000000 0.0000000000
      0.0000000000 0.0000000000 0.0000000000 1.0000000000 0.0000000000 0.0000000000 0.0000000000 0.0000000000 0.0000000000
      0.0000000000 0.0000000000 0.0000000000 0.0000000000 1.0000000000 0.0000000000 0.0000000000 0.0000000000 0.0000000000
      0.0000000000 0.0000000000 0.0000000000 0.0000000000 0.0000000000 1.0000000000 0.0000000000 0.0000000000 0.0000000000
      0.0000000000 0.0000000000 0.0000000000 0.0000000000 0.0000000000 0.0000000000 1.0000000000 0.0000000000 0.0000000000
      0.0000000000 0.0000000000 0.0000000000 0.0000000000 0.0000000000 0.0000000000 0.0000000000 1.0000000000 0.0000000000
      0.0000000000 0.0000000000 0.0000000000 0.0000000000 0.0000000000 0.0000000000 0.0000000000 0.0000000000 1.0000000000
      4 4
      1.4000000000 0.4900000000 0.1715000000 0.0600250000
      1.0000000000 0.0000000000 0.0000000000 0.0000000000
      0.0000000000 1.0000000000 0.0000000000 0.0000000000
      0.0000000000 0.0000000000 1.0000000000 0.0000000000
      0.0000000000 0.0000000000 0.0000000000 1.0000000000
    Be 0 0 0  
    end of basis
  &seward
  &rasscf
    inactive
      0
    ras2
      9
    charge
      0
  &caspt2

-- ----------------------------------

--- Start Module: gateway at Fri Feb 13 17:18:30 2026 

()()()()()()()()()()()()()()()()()()()()()()()()()()()()()()()()()()()()()()()()()()()()()()()()()()

                                              &GATEWAY

                                   only a single process is used
                       available to each process: 2.0 GB of memory, 1 thread?
                                            pid: 257835
()()()()()()()()()()()()()()()()()()()()()()()()()()()()()()()()()()()()()()()()()()()()()()()()()()

 ###############################################################################
 ###############################################################################
 ###                                                                         ###
 ###                                                                         ###
 ###    WARNING:  EXPERT option is ON!                                       ###
 ###                                                                         ###
 ###                                                                         ###
 ###############################################################################
 ###############################################################################

++    Symmetry information:
      ---------------------

                    Character Table for C1 

                             E  
                    a        1  x, y, xy, Rz, z, xz, Ry, yz, Rx, I
--


++    Basis set information:
      ----------------------


      Basis set label: BE..............................................................................

      Electronic valence basis set:
      ------------------
      Associated Effective Charge   4.000000 au
      Associated Actual Charge      4.000000 au
      Nuclear Model: Point charge

      Shell  nPrim  nBasis  Cartesian Spherical Contaminant
         s      14      14        X                  
         p       9       9        X                  
         d       4       4                 X         
--


++    Molecular structure info:
      -------------------------

                    ************************************************ 
                    **** Cartesian Coordinates / Bohr, Angstrom **** 
                    ************************************************ 

     Center  Label                x              y              z                     x              y              z
        1      BE               0.000000       0.000000       0.000000              0.000000       0.000000       0.000000
--


            Nuclear Potential Energy              0.00000000 au

--- Stop Module:  gateway at Fri Feb 13 17:18:30 2026 /rc=0 ---
--- Start Module: seward at Fri Feb 13 17:18:30 2026 

()()()()()()()()()()()()()()()()()()()()()()()()()()()()()()()()()()()()()()()()()()()()()()()()()()

                                              &SEWARD

                                   only a single process is used
                       available to each process: 2.0 GB of memory, 1 thread?
                                            pid: 257850
()()()()()()()()()()()()()()()()()()()()()()()()()()()()()()()()()()()()()()()()()()()()()()()()()()

               SEWARD will generate:
                  Multipole Moment integrals up to order  2
                  Kinetic Energy integrals
                  Nuclear Attraction integrals (point charge)
                  One-Electron Hamiltonian integrals
                  Velocity integrals
                  Orbital angular momentum around ( 0.0000  0.0000  0.0000 )
                  Velocity quadrupole around ( 0.0000  0.0000  0.0000 )
                  Two-Electron Repulsion integrals

                   Integrals are discarded if absolute value <: 0.10E-13
                   Integral cutoff threshold is set to       <: 0.10E-15

            Nuclear Potential Energy              0.00000000 au


      Basis set specifications :
      Symmetry species         a  
      Basis functions           61


  Input file to MOLDEN was generated!

--- Stop Module:  seward at Fri Feb 13 17:18:31 2026 /rc=0 ---
*** 
--- Start Module: rasscf at Fri Feb 13 17:18:31 2026 

()()()()()()()()()()()()()()()()()()()()()()()()()()()()()()()()()()()()()()()()()()()()()()()()()()

                                              &RASSCF

                                   only a single process is used
                       available to each process: 2.0 GB of memory, 1 thread?
                                            pid: 257877
()()()()()()()()()()()()()()()()()()()()()()()()()()()()()()()()()()()()()()()()()()()()()()()()()()

 ###############################################################################
 ###############################################################################
 ###                                                                         ###
 ###                                                                         ###
 ###    WARNING: Had to guess the spin.                                      ###
 ###                                                                         ###
 ###                                                                         ###
 ###############################################################################
 ###############################################################################
  Warning: no input and no reliable source
  for the spin multiplicity.
  Guess ISPIN=                    1

      Header of the ONEINT file:
      --------------------------
      
      Integrals generated by seward 4.2.0  , Fri Feb 13 17:18:31 2026


      OrdInt status: non-squared


      Cartesian coordinates in Angstrom:
      -----------------------------------------------------
      No.  Label        X            Y            Z        
      -----------------------------------------------------
       1   BE         0.00000000   0.00000000   0.00000000
      -----------------------------------------------------
      Nuclear repulsion energy =    0.00000000

++    Wave function specifications:
      -----------------------------

      Number of closed shell electrons           0
      Number of electrons in active shells       4
      Max number of holes in RAS1 space          0
      Max nr of electrons in RAS3 space          0
      Number of inactive orbitals                0
      Number of active orbitals                  9
      Number of secondary orbitals              52
      Spin quantum number                      0.0
      State symmetry                             1
--

++    Orbital specifications:
      -----------------------

      Symmetry species                           1
                                                 a
      Frozen orbitals                            0
      Inactive orbitals                          0
      Active orbitals                            9
      RAS1 orbitals                              0
      RAS2 orbitals                              9
      RAS3 orbitals                              0
      Secondary orbitals                        52
      Deleted orbitals                           0
      Number of basis functions                 61
--

++    CI expansion specifications:
      ----------------------------

      Number of CSFs                           540
      Number of determinants                   666
      Number of root(s) required                 1
      Root chosen for geometry opt.              1
      CI root used                               1
         
      highest root included in the CI            1
      max. size of the explicit Hamiltonian    200
--

++    Optimization specifications:
      ----------------------------

      RASSCF algorithm: Conventional
      Maximum number of macro iterations       200
      Maximum number of SX iterations          100
      Threshold for RASSCF energy            0.100E-07
      Threshold for max MO rotation          0.100E+00
      Threshold for max BLB element          0.100E-03
      Level shift parameter                  0.500E+00
      Make Quasi-Newton update
--

      Orbitals from runfile: guessorb orbitals
      The MO-coefficients are taken from guessorb on runfile

      Total molecular charge    0.00

      ************************************************************************************************************************
      *                                                                                                                      *
      *                                            Wave function control section                                             *
      *                                                                                                                      *
      ************************************************************************************************************************


                                         RASSCF iterations: Energy and convergence statistics
                                         ----------------------------------------------------

      Iter CI   SX   CI       RASSCF       Energy    max ROT     max BLB   max BLB  Level Ln srch  Step   QN   Walltime
          iter iter root      energy       change     param      element    value   shift minimum  type update hh:mm:ss
 Nr of preliminary CI iterations:   1
 ###############################################################################
 ###############################################################################
 ###                                                                         ###
 ###                                                                         ###
 ###    WARNING: Problems in orbital optimization.                           ###
 ###                                                                         ###
 ###                                                                         ###
 ###############################################################################
 ###############################################################################
  Warning: In symmetry  1, orbital p=   1 has diagonal density matrix element D(p,p) close to two. (2 - D(p,p))=  0.683263D-08
 ###############################################################################
 ###############################################################################
 ###                                                                         ###
 ###                                                                         ###
 ###    WARNING: Large orbital rotation.                                     ###
 ###                                                                         ###
 ###                                                                         ###
 ###############################################################################
 ###############################################################################
      Molecular orbital   7 of symmetry 1 MO space 2  weight is    0.240238
 ###############################################################################
 ###############################################################################
 ###                                                                         ###
 ###                                                                         ###
 ###    WARNING: Large orbital rotation.                                     ###
 ###                                                                         ###
 ###                                                                         ###
 ###############################################################################
 ###############################################################################
      Molecular orbital   8 of symmetry 1 MO space 2  weight is    0.240238
 ###############################################################################
 ###############################################################################
 ###                                                                         ###
 ###                                                                         ###
 ###    WARNING: Large orbital rotation.                                     ###
 ###                                                                         ###
 ###                                                                         ###
 ###############################################################################
 ###############################################################################
      Molecular orbital   9 of symmetry 1 MO space 2  weight is    0.240237
 ###############################################################################
 ###############################################################################
 ###                                                                         ###
 ###                                                                         ###
 ###    WARNING: Large orbital rotation.                                     ###
 ###                                                                         ###
 ###                                                                         ###
 ###############################################################################
 ###############################################################################
      Molecular orbital  16 of symmetry 1 MO space 3  weight is    0.444704
 ###############################################################################
 ###############################################################################
 ###                                                                         ###
 ###                                                                         ###
 ###    WARNING: Large orbital rotation.                                     ###
 ###                                                                         ###
 ###                                                                         ###
 ###############################################################################
 ###############################################################################
      Molecular orbital  17 of symmetry 1 MO space 3  weight is    0.444704
 ###############################################################################
 ###############################################################################
 ###                                                                         ###
 ###                                                                         ###
 ###    WARNING: Large orbital rotation.                                     ###
 ###                                                                         ###
 ###                                                                         ###
 ###############################################################################
 ###############################################################################
      Molecular orbital  18 of symmetry 1 MO space 3  weight is    0.444704
        1   1   14    1   -14.57172120    0.00E+00   0.70E+00*   1  61 1  0.25E+01*  0.01   0.00    SX    NO    0:00:00
        2   3   17    1   -14.61251780   -0.41E-01*  0.43E+00*   2  61 1 -0.74E-01*  0.10   0.00    SX    NO    0:00:00
        3   3   12    1   -14.61794408   -0.54E-02* -0.23E+00*   2  61 1  0.77E-02*  0.11   0.00    SX    NO    0:00:00
        4   3   12    1   -14.61904928   -0.11E-02* -0.10E+00*   2  59 1  0.20E-02*  0.11   0.00    SX    NO    0:00:00
        5   3   33    1   -14.61969977   -0.65E-03* -0.95E-01    2  61 1 -0.39E-02*  0.11   2.50    LS   YES    0:00:00
        6   4   38    1   -14.62054281   -0.84E-03* -0.91E-01    2  61 1 -0.89E-02*  0.11   2.50    LS   YES    0:00:00
        7   3   38    1   -14.62148195   -0.94E-03* -0.27E+00*   2  61 1 -0.14E-01*  0.11   2.50    QN   YES    0:00:00
        8   4   39    1   -14.62262347   -0.11E-02* -0.78E-01    2  61 1 -0.29E-01*  0.11   0.97    QN   YES    0:00:00
        9   3   41    1   -14.62130223    0.13E-02* -0.10E+00*   2  61 1 -0.21E-01*  0.11  -0.50    SX   YES    0:00:00
       10   4   39    1   -14.62477011   -0.35E-02* -0.89E-01    2  61 1 -0.14E-01*  0.11   2.50    LS   YES    0:00:00
       11   3   38    1   -14.62818729   -0.34E-02* -0.80E-01    1  53 1 -0.13E-01*  0.11   2.50    LS   YES    0:00:00
       12   3   37    1   -14.63133993   -0.32E-02* -0.19E+00*   1  53 1 -0.14E-01*  0.11   2.50    QN   YES    0:00:00
       13   4   39    1   -14.62349593    0.78E-02*  0.25E+00*   1  49 1 -0.14E-01*  0.11  -0.50    QN   YES    0:00:00
       14   3   39    1   -14.62849853   -0.50E-02*  0.17E+00*   2  61 1 -0.30E-01*  0.11   1.38    QN   YES    0:00:00
       15   3   38    1   -14.63271256   -0.42E-02*  0.13E+00*   2  61 1 -0.22E-01*  0.11   1.61    SX   YES    0:00:00
       16   3   37    1   -14.63675632   -0.40E-02*  0.97E-01    2  61 1 -0.15E-01*  0.11   2.50    LS   YES    0:00:00
       17   3   30    1   -14.64065123   -0.39E-02*  0.83E-01    2  61 1 -0.97E-02*  0.11   2.50    LS   YES    0:00:00
       18   3   26    1   -14.64413512   -0.35E-02*  0.18E+00*   2  61 1 -0.54E-02*  0.11   2.50    QN   YES    0:00:00
       19   3   25    1   -14.65068359   -0.65E-02*  0.88E-01    1  53 1  0.45E-02*  0.11   1.91    LS   YES    0:00:00
       20   3   25    1   -14.65262574   -0.19E-02*  0.68E-01    1  53 1  0.72E-02*  0.11   2.20    LS   YES    0:00:00
       21   3   26    1   -14.65338718   -0.76E-03*  0.41E-01    1  53 1  0.92E-02*  0.11   1.63    QN   YES    0:00:00
       22   3   25    1   -14.65368914   -0.30E-03*  0.22E-01    1  53 1  0.60E-02*  0.11   1.63    LS   YES    0:00:00
       23   3   22    1   -14.65374074   -0.52E-04* -0.19E-01    1  53 1  0.40E-02*  0.11   1.15    QN   YES    0:00:00
       24   3   24    1   -14.65380735   -0.67E-04* -0.19E-01    1  53 1  0.22E-02*  0.11   1.78    QN   YES    0:00:00
       25   4   18    1   -14.65383590   -0.29E-04*  0.34E-02    1  53 1  0.34E-03*  0.11   0.99    QN   YES    0:00:00
       26   3   17    1   -14.65383714   -0.12E-05* -0.51E-03    1  53 1  0.19E-03*  0.11   0.98    QN   YES    0:00:00
       27   3   15    1   -14.65383725   -0.11E-06* -0.27E-03    2  53 1 -0.10E-03*  0.11   1.53    LS   YES    0:00:00
       28   3   15    1   -14.65383726   -0.16E-07*  0.10E-03    2  53 1 -0.79E-04   0.11   1.00    QN   YES    0:00:00
       29   3   10    1   -14.65383727   -0.49E-08   0.55E-04    2  53 1 -0.41E-04   0.11   1.80    QN   YES    0:00:00
      Convergence after 29 iterations
       30   3   10    1   -14.65383727   -0.15E-08   0.55E-04    1  53 1 -0.49E-05   0.11   1.80    QN   YES    0:00:00

      ************************************************************************************************************************
                                                      Wave function printout:
                       occupation of active orbitals, and spin coupling of open shells (u,d: Spin up or down)
      ************************************************************************************************************************

      Note: transformation to natural orbitals
      has been made, which may change the order of the CSFs.

      printout of CI-coefficients larger than  0.05 for root  1
      energy=     -14.653837
      conf/sym  111111111     Coeff  Weight
             1  220000000   0.94987 0.90225
           126  200000200  -0.17900 0.03204
           130  200000020  -0.17900 0.03204
           135  200000002  -0.17900 0.03204

      Natural orbitals and occupation numbers for root  1
      sym 1:   1.996869   1.807331   0.000630   0.000630   0.000630   0.001251   0.064219   0.064219   0.064219

      ************************************************************************************************************************
      *                                                                                                                      *
      *                                                    Final results                                                     *
      *                                                                                                                      *
      ************************************************************************************************************************


++    Wave function specifications:
      -----------------------------

      Number of closed shell electrons           0
      Number of electrons in active shells       4
      Max number of holes in RAS1 space          0
      Max nr of electrons in RAS3 space          0
      Number of inactive orbitals                0
      Number of active orbitals                  9
      Number of secondary orbitals              52
      Spin quantum number                      0.0
      State symmetry                             1
--

++    Orbital specifications:
      -----------------------

      Symmetry species                           1
                                                 a
      Frozen orbitals                            0
      Inactive orbitals                          0
      Active orbitals                            9
      RAS1 orbitals                              0
      RAS2 orbitals                              9
      RAS3 orbitals                              0
      Secondary orbitals                        52
      Deleted orbitals                           0
      Number of basis functions                 61
--

++    CI expansion specifications:
      ----------------------------

      Number of CSFs                           540
      Number of determinants                   666
      Number of root(s) required                 1
      CI root used                               1
      highest root included in the CI            1
      Root passed to geometry opt.               1
--

++    Final optimization conditions:
      ------------------------------

      Average CI energy                             -14.65383727
      RASSCF energy for state  1                    -14.65383727
      Super-CI energy                                -0.00000000
      RASSCF energy change                            0.00000000
      Max change in MO coefficients              -0.268E-03
      Max non-diagonal density matrix element     0.547E-04
      Maximum BLB matrix element                 -0.488E-05
      (orbital pair   1,  53 in symmetry   1)
      Norm of electronic gradient            0.964E-05
--


      Final state energy(ies):
      ------------------------

::    RASSCF root number  1 Total energy:    -14.65383727

++    Molecular orbitals:
      -------------------

      Pseudonatural active orbitals and approximate occupation numbers




      Molecular orbitals for symmetry species 1: a  


      Orbital                 1         2         3         4         5         6         7         8         9        10
      Energy             0.0000    0.0000    0.0000    0.0000    0.0000    0.0000    0.0000    0.0000    0.0000    0.0275
      Occ. No.           1.9969    1.8073    0.0006    0.0006    0.0006    0.0013    0.0642    0.0642    0.0642    0.0000

     1 BE     1s         0.0001   -0.0000    0.0000    0.0000   -0.0000    0.0001    0.0000    0.0000   -0.0000    0.0000
     2 BE     1s         0.0004   -0.0001   -0.0000    0.0000   -0.0000    0.0007   -0.0000    0.0000   -0.0000    0.0000
     3 BE     1s         0.0022   -0.0004    0.0000    0.0000    0.0000    0.0035    0.0000   -0.0000    0.0000    0.0000
     4 BE     1s         0.0095   -0.0017   -0.0000   -0.0000   -0.0000    0.0168   -0.0000   -0.0000   -0.0000    0.0000
     5 BE     1s         0.0345   -0.0062    0.0000    0.0000    0.0000    0.0678    0.0000    0.0000    0.0000    0.0000
     6 BE     1s         0.1053   -0.0195   -0.0000   -0.0000   -0.0000    0.3380   -0.0000   -0.0000   -0.0000    0.0000
     7 BE     1s         0.2444   -0.0486    0.0000    0.0000    0.0000    0.7413    0.0000    0.0000    0.0000    0.0000
     8 BE     1s         0.3858   -0.0925   -0.0000   -0.0000   -0.0000   -0.1828   -0.0000   -0.0000   -0.0000    0.0000
     9 BE     1s         0.3142   -0.1302    0.0000    0.0000    0.0000   -0.7956    0.0000    0.0000    0.0000    0.0000
    10 BE     1s         0.0670   -0.0629   -0.0000   -0.0000    0.0000   -0.1851    0.0000   -0.0000    0.0000   -0.0000
    11 BE     1s        -0.0047    0.2859   -0.0000    0.0000   -0.0000    0.0784   -0.0000    0.0000   -0.0000   -0.0000
    12 BE     1s        -0.0059    0.6243    0.0000   -0.0000    0.0000    0.1935    0.0000   -0.0000    0.0000    0.0000
    13 BE     1s        -0.0030    0.2360   -0.0000    0.0000   -0.0000    0.0713   -0.0000    0.0000   -0.0000   -0.0000
    14 BE     1s         0.0001   -0.0018   -0.0000   -0.0000    0.0000   -0.0002   -0.0000   -0.0000   -0.0000    0.0000
    15 BE     2px       -0.0000    0.0000    0.0409    0.0382    0.0563   -0.0000    0.0004    0.0004    0.0010   -0.0001
    16 BE     2px       -0.0000    0.0000    0.3005    0.2803    0.4131   -0.0000    0.0026    0.0025    0.0063   -0.0003
    17 BE     2px       -0.0000   -0.0000    0.2333    0.2176    0.3207   -0.0000    0.0074    0.0071    0.0180   -0.0061
    18 BE     2px        0.0000   -0.0000    0.0085    0.0079    0.0117    0.0000    0.0178    0.0173    0.0436    0.0069
    19 BE     2px       -0.0000   -0.0000   -0.0220   -0.0205   -0.0302    0.0000    0.0797    0.0772    0.1949   -0.0263
    20 BE     2px        0.0000    0.0000   -0.0546   -0.0509   -0.0751    0.0000    0.1918    0.1859    0.4691    0.1200
    21 BE     2px       -0.0000    0.0000   -0.0264   -0.0246   -0.0363    0.0000    0.1065    0.1032    0.2605   -0.1929
    22 BE     2px       -0.0000   -0.0000   -0.0012   -0.0011   -0.0017    0.0000    0.0021    0.0020    0.0051    0.6625
    23 BE     2px        0.0000   -0.0000   -0.0000   -0.0000   -0.0000    0.0000    0.0007    0.0007    0.0018   -1.3461
    24 BE     2py        0.0000   -0.0000   -0.0313    0.0689   -0.0240   -0.0000   -0.0005    0.0010   -0.0002    0.0000
    25 BE     2py       -0.0000   -0.0000   -0.2295    0.5057   -0.1762    0.0000   -0.0034    0.0063   -0.0011    0.0000
    26 BE     2py        0.0000    0.0000   -0.1782    0.3926   -0.1368    0.0000   -0.0096    0.0181   -0.0032    0.0000
    27 BE     2py       -0.0000    0.0000   -0.0065    0.0143   -0.0050    0.0000   -0.0233    0.0437   -0.0078   -0.0000
    28 BE     2py        0.0000    0.0000    0.0168   -0.0370    0.0129   -0.0000   -0.1042    0.1954   -0.0348    0.0002
    29 BE     2py       -0.0000   -0.0000    0.0417   -0.0919    0.0320   -0.0000   -0.2510    0.4705   -0.0838   -0.0008
    30 BE     2py        0.0000   -0.0000    0.0202   -0.0444    0.0155   -0.0000   -0.1394    0.2613   -0.0466    0.0013
    31 BE     2py        0.0000    0.0000    0.0009   -0.0021    0.0007   -0.0000   -0.0027    0.0051   -0.0009   -0.0045
    32 BE     2py       -0.0000    0.0000    0.0000   -0.0000    0.0000   -0.0000   -0.0009    0.0018   -0.0003    0.0091
    33 BE     2pz       -0.0000    0.0000    0.0604    0.0098   -0.0506    0.0000    0.0009    0.0004   -0.0005   -0.0000
    34 BE     2pz       -0.0000    0.0000    0.4433    0.0719   -0.3712    0.0000    0.0059    0.0025   -0.0034   -0.0000
    35 BE     2pz       -0.0000   -0.0000    0.3442    0.0558   -0.2882    0.0000    0.0168    0.0072   -0.0097   -0.0007
    36 BE     2pz        0.0000    0.0000    0.0125    0.0020   -0.0105    0.0000    0.0407    0.0175   -0.0236    0.0008
    37 BE     2pz       -0.0000    0.0000   -0.0324   -0.0053    0.0271    0.0000    0.1818    0.0782   -0.1054   -0.0030
    38 BE     2pz        0.0000    0.0000   -0.0805   -0.0131    0.0674    0.0000    0.4377    0.1883   -0.2536    0.0137
    39 BE     2pz        0.0000   -0.0000   -0.0389   -0.0063    0.0326    0.0000    0.2431    0.1046   -0.1409   -0.0221
    40 BE     2pz        0.0000    0.0000   -0.0018   -0.0003    0.0015   -0.0000    0.0048    0.0021   -0.0028    0.0758
    41 BE     2pz        0.0000   -0.0000   -0.0000   -0.0000    0.0000    0.0000    0.0017    0.0007   -0.0010   -0.1541
    42 BE     3d2-       0.0000    0.0000   -0.0000    0.0000   -0.0000   -0.0000    0.0000   -0.0000    0.0000    0.0000
    43 BE     3d2-      -0.0000    0.0000   -0.0000    0.0000   -0.0000    0.0000   -0.0000    0.0000   -0.0000   -0.0000
    44 BE     3d2-       0.0000   -0.0000    0.0000   -0.0000    0.0000   -0.0000   -0.0000    0.0000   -0.0000    0.0000
    45 BE     3d2-       0.0000   -0.0000    0.0000   -0.0000    0.0000   -0.0000   -0.0000    0.0000   -0.0000   -0.0000
    46 BE     3d1-      -0.0000   -0.0000   -0.0000    0.0000    0.0000   -0.0000    0.0000    0.0000   -0.0000    0.0000
    47 BE     3d1-       0.0000   -0.0000   -0.0000    0.0000    0.0000   -0.0000   -0.0000   -0.0000    0.0000   -0.0000
    48 BE     3d1-      -0.0000    0.0000    0.0000    0.0000   -0.0000    0.0000   -0.0000   -0.0000    0.0000    0.0000
    49 BE     3d1-      -0.0000    0.0000    0.0000   -0.0000   -0.0000    0.0000   -0.0000    0.0000    0.0000   -0.0000
    50 BE     3d0        0.0000    0.0000   -0.0000   -0.0000   -0.0000   -0.0000    0.0000   -0.0000    0.0000    0.0000
    51 BE     3d0       -0.0000    0.0000   -0.0000   -0.0000   -0.0000    0.0000   -0.0000   -0.0000   -0.0000   -0.0000
    52 BE     3d0        0.0000   -0.0000    0.0000   -0.0000   -0.0000   -0.0000   -0.0000    0.0000   -0.0000    0.0000
    53 BE     3d0        0.0000   -0.0000   -0.0000    0.0000    0.0000   -0.0000   -0.0000    0.0000   -0.0000   -0.0000
    54 BE     3d1+       0.0000    0.0000    0.0000    0.0000   -0.0000    0.0000   -0.0000   -0.0000    0.0000   -0.0000
    55 BE     3d1+      -0.0000    0.0000    0.0000    0.0000   -0.0000    0.0000    0.0000    0.0000   -0.0000    0.0000
    56 BE     3d1+       0.0000   -0.0000   -0.0000    0.0000    0.0000   -0.0000    0.0000    0.0000   -0.0000   -0.0000
    57 BE     3d1+       0.0000   -0.0000   -0.0000   -0.0000    0.0000   -0.0000    0.0000    0.0000   -0.0000    0.0000
    58 BE     3d2+      -0.0000   -0.0000    0.0000    0.0000    0.0000    0.0000   -0.0000   -0.0000   -0.0000   -0.0000
    59 BE     3d2+       0.0000    0.0000    0.0000    0.0000    0.0000   -0.0000    0.0000    0.0000    0.0000    0.0000
    60 BE     3d2+      -0.0000    0.0000   -0.0000   -0.0000   -0.0000    0.0000   -0.0000    0.0000    0.0000   -0.0000
    61 BE     3d2+       0.0000    0.0000   -0.0000   -0.0000   -0.0000   -0.0000    0.0000    0.0000    0.0000    0.0000


      Orbital                11        12        13        14        15        16
      Energy             0.0275    0.0275    0.0390    0.1352    0.1352    0.1352
      Occ. No.           0.0000    0.0000    0.0000    0.0000    0.0000    0.0000

     1 BE     1s         0.0000   -0.0000    0.0000    0.0000    0.0000    0.0000
     2 BE     1s         0.0000   -0.0000    0.0000    0.0000    0.0000   -0.0000
     3 BE     1s         0.0000   -0.0000    0.0000   -0.0000    0.0000    0.0000
     4 BE     1s         0.0000   -0.0000    0.0000    0.0000    0.0000   -0.0000
     5 BE     1s         0.0000   -0.0000    0.0007   -0.0000    0.0000    0.0000
     6 BE     1s         0.0000   -0.0000   -0.0001    0.0000    0.0000   -0.0000
     7 BE     1s         0.0000   -0.0000    0.0105   -0.0000    0.0000    0.0000
     8 BE     1s         0.0000   -0.0000   -0.0078    0.0000    0.0000   -0.0000
     9 BE     1s         0.0000   -0.0000    0.0347   -0.0000   -0.0000    0.0000
    10 BE     1s        -0.0000    0.0000   -0.1781   -0.0000    0.0000   -0.0000
    11 BE     1s         0.0000   -0.0000    0.2814    0.0000   -0.0000    0.0000
    12 BE     1s        -0.0000    0.0000   -0.6520    0.0000    0.0000   -0.0000
    13 BE     1s         0.0000    0.0000    1.8425   -0.0000   -0.0000    0.0000
    14 BE     1s        -0.0000   -0.0000   -1.9377    0.0000    0.0000   -0.0000
    15 BE     2px        0.0000    0.0000   -0.0000   -0.0000    0.0000   -0.0000
    16 BE     2px        0.0000    0.0000   -0.0000   -0.0050    0.0027   -0.0020
    17 BE     2px        0.0005    0.0005   -0.0000   -0.0006    0.0003   -0.0002
    18 BE     2px       -0.0006   -0.0005   -0.0000   -0.0486    0.0265   -0.0192
    19 BE     2px        0.0023    0.0020   -0.0000    0.1398   -0.0761    0.0553
    20 BE     2px       -0.0104   -0.0090   -0.0000   -0.2807    0.1528   -0.1110
    21 BE     2px        0.0167    0.0145   -0.0000    1.3324   -0.7252    0.5269
    22 BE     2px       -0.0573   -0.0499    0.0000   -2.1293    1.1589   -0.8421
    23 BE     2px        0.1164    0.1014   -0.0000    0.8413   -0.4579    0.3327
    24 BE     2py        0.0001   -0.0001    0.0000    0.0000    0.0000    0.0000
    25 BE     2py        0.0002   -0.0002    0.0000    0.0009    0.0044    0.0039
    26 BE     2py        0.0043   -0.0044    0.0000    0.0001    0.0005    0.0005
    27 BE     2py       -0.0049    0.0050    0.0000    0.0085    0.0435    0.0383
    28 BE     2py        0.0186   -0.0189    0.0000   -0.0246   -0.1252   -0.1101
    29 BE     2py       -0.0846    0.0863    0.0000    0.0493    0.2513    0.2211
    30 BE     2py        0.1359   -0.1387    0.0000   -0.2341   -1.1927   -1.0495
    31 BE     2py       -0.4667    0.4762    0.0000    0.3741    1.9061    1.6772
    32 BE     2py        0.9483   -0.9677    0.0000   -0.1478   -0.7531   -0.6627
    33 BE     2pz       -0.0001   -0.0001   -0.0000   -0.0000   -0.0000    0.0000
    34 BE     2pz       -0.0002   -0.0002   -0.0000   -0.0032   -0.0030    0.0041
    35 BE     2pz       -0.0044   -0.0043   -0.0000   -0.0004   -0.0004    0.0005
    36 BE     2pz        0.0049    0.0048   -0.0000   -0.0316   -0.0290    0.0400
    37 BE     2pz       -0.0188   -0.0184   -0.0000    0.0908    0.0833   -0.1149
    38 BE     2pz        0.0857    0.0841   -0.0000   -0.1823   -0.1673    0.2307
    39 BE     2pz       -0.1377   -0.1351    0.0000    0.8653    0.7939   -1.0953
    40 BE     2pz        0.4728    0.4641   -0.0000   -1.3829   -1.2688    1.7505
    41 BE     2pz       -0.9607   -0.9429    0.0000    0.5464    0.5013   -0.6916
    42 BE     3d2-       0.0000   -0.0000    0.0000    0.0000    0.0000    0.0000
    43 BE     3d2-      -0.0000    0.0000   -0.0000   -0.0000   -0.0000   -0.0000
    44 BE     3d2-       0.0000   -0.0000    0.0000    0.0000    0.0000    0.0000
    45 BE     3d2-      -0.0000    0.0000   -0.0000   -0.0000   -0.0000   -0.0000
    46 BE     3d1-       0.0000    0.0000   -0.0000    0.0000    0.0000   -0.0000
    47 BE     3d1-      -0.0000   -0.0000    0.0000   -0.0000   -0.0000    0.0000
    48 BE     3d1-       0.0000   -0.0000   -0.0000    0.0000    0.0000   -0.0000
    49 BE     3d1-      -0.0000   -0.0000    0.0000   -0.0000   -0.0000    0.0000
    50 BE     3d0       -0.0000   -0.0000    0.0000    0.0000   -0.0000    0.0000
    51 BE     3d0        0.0000    0.0000    0.0000   -0.0000    0.0000   -0.0000
    52 BE     3d0       -0.0000   -0.0000    0.0000    0.0000   -0.0000    0.0000
    53 BE     3d0        0.0000    0.0000   -0.0000   -0.0000    0.0000   -0.0000
    54 BE     3d1+      -0.0000   -0.0000    0.0000   -0.0000   -0.0000    0.0000
    55 BE     3d1+       0.0000    0.0000   -0.0000    0.0000    0.0000   -0.0000
    56 BE     3d1+      -0.0000   -0.0000    0.0000   -0.0000   -0.0000    0.0000
    57 BE     3d1+       0.0000    0.0000   -0.0000    0.0000    0.0000   -0.0000
    58 BE     3d2+       0.0000   -0.0000    0.0000   -0.0000    0.0000   -0.0000
    59 BE     3d2+      -0.0000    0.0000   -0.0000    0.0000   -0.0000    0.0000
    60 BE     3d2+       0.0000   -0.0000    0.0000   -0.0000    0.0000   -0.0000
    61 BE     3d2+      -0.0000    0.0000    0.0000    0.0000   -0.0000    0.0000
--

      Von Neumann Entropy (Root  1) =  0.62984


      Mulliken population analysis for root number:  1
      -----------------------------------------------


++    Molecular charges:
      ------------------

      Mulliken charges per centre and basis function type
      ---------------------------------------------------

                BE    
      1s       3.8055
      2px      0.0648
      2pz      0.0648
      2py      0.0648
      3d2+     0.0000
      3d1+     0.0000
      3d0      0.0000
      3d1-     0.0000
      3d2-     0.0000
      Total    4.0000

      N-E     -0.0000

      Total electronic charge=    4.000000

      Total            charge=   -0.000000
--



      Expectation values of various properties for root number:  1
      -----------------------------------------------------------


++    Molecular properties:
      ---------------------

      Charge (e):
                      =   -0.0000
      Dipole Moment (Debye):
      Origin of the operator (Ang)=    0.0000    0.0000    0.0000
                   X= -8.8389E-08               Y=  4.0938E-08               Z=  8.2417E-09           Total=  9.7757E-08
      Quadrupole Moment (Debye*Ang):
      Origin of the operator (Ang)=    0.0000    0.0000    0.0000
                  XX= -7.2657E+00              XY=  2.3492E-10              XZ=  4.0337E-08              YY= -7.2657E+00
                  YZ= -2.3573E-08              ZZ= -7.2657E+00
      In traceless form (Debye*Ang)
                  XX= -5.3573E-08              XY=  3.5238E-10              XZ=  6.0506E-08              YY=  1.9998E-08
                  YZ= -3.5359E-08              ZZ=  3.3576E-08
--


  Input file to MOLDEN was generated!

      Average orbitals are written to the RASORB file
      Natural orbitals for root   1 are written to the RASORB.1 file
      Spin density orbitals for root   1 are written to the SPDORB.1 file

--- Stop Module:  rasscf at Fri Feb 13 17:18:32 2026 /rc=0 ---
*** 
--- Start Module: caspt2 at Fri Feb 13 17:18:32 2026 

()()()()()()()()()()()()()()()()()()()()()()()()()()()()()()()()()()()()()()()()()()()()()()()()()()

                                              &CASPT2

                                   only a single process is used
                       available to each process: 2.0 GB of memory, 1 thread?
                                            pid: 257931
()()()()()()()()()()()()()()()()()()()()()()()()()()()()()()()()()()()()()()()()()()()()()()()()()()


++    Wave function specifications:
      -----------------------------

      Number of closed shell electrons           0
      Number of electrons in active shells       4
      Max number of holes in RAS1 space          0
      Max number of electrons in RAS3 space      0
      Number of inactive orbitals                0
      Number of active orbitals                  9
      Number of secondary orbitals              52
      Spin quantum number                      0.0
      State symmetry                             1
      Number of CSFs                           540
      Number of root(s) available                1
      Root passed to geometry opt.               1
      A file JOBMIX will be created
      This is a CASSCF or RASSCF reference function
--

++    Orbital specifications:
      -----------------------

      Symmetry species                           1
                                                 a
      Frozen orbitals                            0
      Inactive orbitals                          0
      Active orbitals                            9
      Secondary orbitals                        52
      Deleted orbitals                           0
      Number of basis functions                 61
--

++    CASPT2 specifications:
      ----------------------

      Type of calculation                        SS-CASPT2
      Fock operator                              state-specific
      IPEA shift                                 0.25
      Real shift                                 0.00
      Imaginary shift                            0.00
      The input orbitals will be transformed to quasi-canonical
--

--------------------------------------------------------------------------------
 Estimated memory requirements:
  POLY3 :                   327770
  RHS:                      599343
  SIGMA :                   498040
  PRPCTL:                        0
 Available workspace:    207345210

++ CASPT2 computation for group   1

********************************************************************************
 Multi-State initialization phase begins for group   1
--------------------------------------------------------------------------------
********************************************************************************
 Compute H0 matrices for state    1
--------------------------------------------------------------------------------
--------------------------------------------------------------------------------
 H0 matrices have been computed.

********************************************************************************
  CASPT2 EQUATION SOLUTION
--------------------------------------------------------------------------------

  Total nr of CASPT2 parameters:
   Before reduction:      147654
   After  reduction:      120952

 The contributions to the second order correlation energy in atomic units.
-----------------------------------------------------------------------------------------------------------------------------
  IT.      VJTU        VJTI        ATVX        AIVX        VJAI        BVAT        BJAT        BJAI        TOTAL       RNORM  
-----------------------------------------------------------------------------------------------------------------------------
   1     0.000000    0.000000   -0.001742    0.000000    0.000000   -0.004471    0.000000    0.000000   -0.006213    0.057162
   2     0.000000    0.000000   -0.002031    0.000000    0.000000   -0.004896    0.000000    0.000000   -0.006927    0.026230
   3     0.000000    0.000000   -0.002072    0.000000    0.000000   -0.004935    0.000000    0.000000   -0.007007    0.019271
   4     0.000000    0.000000   -0.002039    0.000000    0.000000   -0.004877    0.000000    0.000000   -0.006916    0.006775
   5     0.000000    0.000000   -0.002037    0.000000    0.000000   -0.004875    0.000000    0.000000   -0.006913    0.002979
   6     0.000000    0.000000   -0.002033    0.000000    0.000000   -0.004891    0.000000    0.000000   -0.006924    0.001288
   7     0.000000    0.000000   -0.002033    0.000000    0.000000   -0.004892    0.000000    0.000000   -0.006925    0.000807
   8     0.000000    0.000000   -0.002034    0.000000    0.000000   -0.004889    0.000000    0.000000   -0.006923    0.000352
   9     0.000000    0.000000   -0.002034    0.000000    0.000000   -0.004889    0.000000    0.000000   -0.006923    0.000135
  10     0.000000    0.000000   -0.002034    0.000000    0.000000   -0.004889    0.000000    0.000000   -0.006923    0.000054
  11     0.000000    0.000000   -0.002034    0.000000    0.000000   -0.004889    0.000000    0.000000   -0.006923    0.000027
  12     0.000000    0.000000   -0.002034    0.000000    0.000000   -0.004889    0.000000    0.000000   -0.006923    0.000014
  13     0.000000    0.000000   -0.002034    0.000000    0.000000   -0.004889    0.000000    0.000000   -0.006923    0.000008
  14     0.000000    0.000000   -0.002034    0.000000    0.000000   -0.004889    0.000000    0.000000   -0.006923    0.000003
  15     0.000000    0.000000   -0.002034    0.000000    0.000000   -0.004889    0.000000    0.000000   -0.006923    0.000002
-----------------------------------------------------------------------------------------------------------------------------

  FINAL CASPT2 RESULT:

      Reference energy:         -14.6538372715
      E2 (Non-variational):      -0.0069228264
      E2 (Variational):          -0.0069228264
      Total energy:             -14.6607600978
      Residual norm:              0.0000003616
      Reference weight:           0.99888

      Contributions to the CASPT2 correlation energy
      Active & Virtual Only:         -0.0069228264
      One Inactive Excited:           0.0000000000
      Two Inactive Excited:           0.0000000000


++ Denominators, etc.
--------------------------------------------------------------------------------------------------------------
 Report on small energy denominators, large coefficients, and large energy contributions.
CASE  SYMM ACTIVE-MIX  NON-ACTIVE INDICES          DENOMINATOR     RHS VALUE       COEFFICIENT     CONTRIBUTION
ATVX     1  Mu1.0001  Se1.010                       0.21769630     -0.00000000      0.00000000     -0.00000000
ATVX     1  Mu1.0001  Se1.011                       0.21769630     -0.00000000      0.00000000     -0.00000000
ATVX     1  Mu1.0001  Se1.012                       0.21769630      0.00000000     -0.00000000     -0.00000000
ATVX     1  Mu1.0001  Se1.013                       0.22923764      0.00001067     -0.00071611     -0.00000001
--

   (Skipping property calculation,
    use PROP keyword to activate)
--


  Total CASPT2 energies:
::    CASPT2 Root  1     Total energy:    -14.66076010


  A NEW JOBIPH FILE NAMED 'JOBMIX' IS PREPARED.
********************************************************************************
--- Stop Module:  caspt2 at Fri Feb 13 17:18:32 2026 /rc=0 ---
--- Stop Module:  auto at Fri Feb 13 17:18:32 2026 /rc=0 ---
